// Jest Snapshot v1, https://goo.gl/fbAQLP

exports[`CurrencyPrice should match snapshot 1`] = `
<Provider
  store={
    Object {
      "clearActions": [Function],
      "dispatch": [Function],
      "getActions": [Function],
      "getState": [Function],
      "replaceReducer": [Function],
      "subscribe": [Function],
    }
  }
>
  <CurrencyPrice
    price={12.12}
  >
    12.12 $
  </CurrencyPrice>
</Provider>
`;
